I'm sorry, but errors were detected in your script. Please correct the
errors listed below, and try again.


File "game/script.rpy", line 350: expected statement.
    config.language="spanish"
                   ^

Ren'Py Version: Ren'Py 7.0.0.196
Fri Aug 10 19:13:34 2018
